{
  "total_preloads": 12,
  "correct": 3,
  "unknown": 9,
  "errors": 0,
  "accuracy": 25,
  "results": [
    {
      "file": "vms_complex/vms_complex_test.go",
      "line": 43,
      "relation": "Model",
      "model": "Unknown",
      "status": "unknown"
    },
    {
      "file": "vms_complex/vms_complex_test.go",
      "line": 43,
      "relation": "Location",
      "model": "Unknown",
      "status": "unknown"
    },
    {
      "file": "vms_complex/vms_complex_test.go",
      "line": 43,
      "relation": "Staff",
      "model": "Unknown",
      "status": "unknown"
    },
    {
      "file": "vms_complex/vms_complex_test.go",
      "line": 81,
      "relation": "Slots",
      "model": "Product",
      "variable": "product",
      "find_line": 81,
      "status": "unknown"
    },
    {
      "file": "vms_complex/vms_complex_test.go",
      "line": 94,
      "relation": "Items.Product",
      "model": "Trip",
      "variable": "trip",
      "find_line": 94,
      "status": "correct"
    },
    {
      "file": "vms_complex/vms_complex_test.go",
      "line": 94,
      "relation": "Machine",
      "model": "Trip",
      "variable": "trip",
      "find_line": 94,
      "status": "correct"
    },
    {
      "file": "vms_complex/vms_complex_test.go",
      "line": 94,
      "relation": "Driver",
      "model": "Trip",
      "variable": "trip",
      "find_line": 94,
      "status": "correct"
    },
    {
      "file": "vms_complex/vms_complex_test.go",
      "line": 109,
      "relation": "Staff",
      "model": "Machine",
      "variable": "machines1",
      "find_line": 109,
      "status": "unknown"
    },
    {
      "file": "vms_complex/vms_complex_test.go",
      "line": 113,
      "relation": "Location",
      "model": "Machine",
      "variable": "machines2",
      "find_line": 113,
      "status": "unknown"
    },
    {
      "file": "vms_complex/vms_complex_test.go",
      "line": 117,
      "relation": "Model",
      "model": "Machine",
      "variable": "machines3",
      "find_line": 117,
      "status": "unknown"
    },
    {
      "file": "vms_complex/vms_complex_test.go",
      "line": 132,
      "relation": "Staff",
      "model": "Machine",
      "variable": "machines",
      "find_line": 137,
      "status": "unknown"
    },
    {
      "file": "vms_complex/vms_complex_test.go",
      "line": 133,
      "relation": "Location",
      "model": "Machine",
      "variable": "machines",
      "find_line": 137,
      "status": "unknown"
    }
  ]
}