{
  "total_preloads": 16,
  "correct": 14,
  "unknown": 0,
  "errors": 2,
  "accuracy": 87.5,
  "results": [
    {
      "file": "vms_machine/vms_machine_test.go",
      "line": 88,
      "relation": "MachineQr",
      "model": "MachineDetails",
      "variable": "machine",
      "find_line": 88,
      "status": "correct"
    },
    {
      "file": "vms_machine/vms_machine_test.go",
      "line": 88,
      "relation": "Map",
      "model": "MachineDetails",
      "variable": "machine",
      "find_line": 88,
      "status": "correct"
    },
    {
      "file": "vms_machine/vms_machine_test.go",
      "line": 88,
      "relation": "Model",
      "model": "MachineDetails",
      "variable": "machine",
      "find_line": 88,
      "status": "correct"
    },
    {
      "file": "vms_machine/vms_machine_test.go",
      "line": 88,
      "relation": "Staff",
      "model": "MachineDetails",
      "variable": "machine",
      "find_line": 88,
      "status": "correct"
    },
    {
      "file": "vms_machine/vms_machine_test.go",
      "line": 88,
      "relation": "Location",
      "model": "MachineDetails",
      "variable": "machine",
      "find_line": 88,
      "status": "correct"
    },
    {
      "file": "vms_machine/vms_machine_test.go",
      "line": 99,
      "relation": "MachineQr",
      "model": "MachineDetails",
      "variable": "machine",
      "find_line": 99,
      "status": "correct"
    },
    {
      "file": "vms_machine/vms_machine_test.go",
      "line": 99,
      "relation": "Map",
      "model": "MachineDetails",
      "variable": "machine",
      "find_line": 99,
      "status": "correct"
    },
    {
      "file": "vms_machine/vms_machine_test.go",
      "line": 99,
      "relation": "Model",
      "model": "MachineDetails",
      "variable": "machine",
      "find_line": 99,
      "status": "correct"
    },
    {
      "file": "vms_machine/vms_machine_test.go",
      "line": 99,
      "relation": "Staff",
      "model": "MachineDetails",
      "variable": "machine",
      "find_line": 99,
      "status": "correct"
    },
    {
      "file": "vms_machine/vms_machine_test.go",
      "line": 99,
      "relation": "Location",
      "model": "MachineDetails",
      "variable": "machine",
      "find_line": 99,
      "status": "correct"
    },
    {
      "file": "vms_machine/vms_machine_test.go",
      "line": 116,
      "relation": "Location",
      "model": "MachineLocationHistory",
      "variable": "items",
      "find_line": 116,
      "status": "correct"
    },
    {
      "file": "vms_machine/vms_machine_test.go",
      "line": 116,
      "relation": "Org",
      "model": "MachineLocationHistory",
      "variable": "items",
      "find_line": 116,
      "status": "correct"
    },
    {
      "file": "vms_machine/vms_machine_test.go",
      "line": 130,
      "relation": "Staff",
      "model": "MachineLocation",
      "variable": "items",
      "find_line": 130,
      "status": "correct"
    },
    {
      "file": "vms_machine/vms_machine_test.go",
      "line": 130,
      "relation": "LocationCategory",
      "model": "MachineLocation",
      "variable": "items",
      "find_line": 130,
      "status": "correct"
    },
    {
      "file": "vms_machine/vms_machine_test.go",
      "line": 139,
      "relation": "Staff",
      "model": "Location",
      "variable": "orgItems",
      "find_line": 139,
      "status": "error"
    },
    {
      "file": "vms_machine/vms_machine_test.go",
      "line": 139,
      "relation": "LocationCategory",
      "model": "Location",
      "variable": "orgItems",
      "find_line": 139,
      "status": "error"
    }
  ]
}