{
  "total_preloads": 15,
  "correct": 14,
  "unknown": 0,
  "errors": 1,
  "accuracy": 93.33333333333333,
  "results": [
    {
      "file": "vms_invoice/vms_invoice_test.go",
      "line": 112,
      "relation": "Org",
      "model": "Invoice",
      "variable": "items",
      "find_line": 112,
      "status": "correct"
    },
    {
      "file": "vms_invoice/vms_invoice_test.go",
      "line": 112,
      "relation": "InvoiceRefund",
      "model": "Invoice",
      "variable": "items",
      "find_line": 112,
      "status": "correct"
    },
    {
      "file": "vms_invoice/vms_invoice_test.go",
      "line": 112,
      "relation": "Location.LocationCategory",
      "model": "Invoice",
      "variable": "items",
      "find_line": 112,
      "status": "correct"
    },
    {
      "file": "vms_invoice/vms_invoice_test.go",
      "line": 112,
      "relation": "Staff",
      "model": "Invoice",
      "variable": "items",
      "find_line": 112,
      "status": "correct"
    },
    {
      "file": "vms_invoice/vms_invoice_test.go",
      "line": 112,
      "relation": "Machine",
      "model": "Invoice",
      "variable": "items",
      "find_line": 112,
      "status": "correct"
    },
    {
      "file": "vms_invoice/vms_invoice_test.go",
      "line": 129,
      "relation": "Items.Product.Locales",
      "model": "Invoice",
      "variable": "items",
      "find_line": 129,
      "status": "correct"
    },
    {
      "file": "vms_invoice/vms_invoice_test.go",
      "line": 129,
      "relation": "Items.Product.Category.Locales",
      "model": "Invoice",
      "variable": "items",
      "find_line": 129,
      "status": "correct"
    },
    {
      "file": "vms_invoice/vms_invoice_test.go",
      "line": 129,
      "relation": "Items.Product",
      "model": "Invoice",
      "variable": "items",
      "find_line": 129,
      "status": "correct"
    },
    {
      "file": "vms_invoice/vms_invoice_test.go",
      "line": 144,
      "relation": "Candidates",
      "model": "OrderRequest",
      "variable": "items",
      "find_line": 144,
      "status": "correct"
    },
    {
      "file": "vms_invoice/vms_invoice_test.go",
      "line": 144,
      "relation": "OrderGoodsList",
      "model": "OrderRequest",
      "variable": "items",
      "find_line": 144,
      "status": "correct"
    },
    {
      "file": "vms_invoice/vms_invoice_test.go",
      "line": 144,
      "relation": "Machine",
      "model": "OrderRequest",
      "variable": "items",
      "find_line": 144,
      "status": "correct"
    },
    {
      "file": "vms_invoice/vms_invoice_test.go",
      "line": 144,
      "relation": "Invoice",
      "model": "OrderRequest",
      "variable": "items",
      "find_line": 144,
      "status": "correct"
    },
    {
      "file": "vms_invoice/vms_invoice_test.go",
      "line": 160,
      "relation": "Product.Locales",
      "model": "InvoiceItem",
      "variable": "items",
      "find_line": 160,
      "status": "correct"
    },
    {
      "file": "vms_invoice/vms_invoice_test.go",
      "line": 160,
      "relation": "Invoice",
      "model": "InvoiceItem",
      "variable": "items",
      "find_line": 160,
      "status": "error"
    },
    {
      "file": "vms_invoice/vms_invoice_test.go",
      "line": 160,
      "relation": "Product.Category.Locales",
      "model": "InvoiceItem",
      "variable": "items",
      "find_line": 160,
      "status": "correct"
    }
  ]
}